# Logfile created on 2026-09-24 19:17:20 +0000 by logger.rb/v1.6.0
I, [2026-09-24T19:17:20.839857 #1]  INFO -- : Using GitHub Features: Defaults
I, [2026-09-24T19:17:20.867220 #1]  INFO -- request: GET https://gitlab.com/api/v4/projects/gitlab-examples%2Fmaven%2Fsimple-maven-app
I, [2026-09-24T19:17:21.661093 #1]  INFO -- response: Status 200
I, [2026-09-24T19:17:21.663149 #1]  INFO -- request: GET https://gitlab.com/api/v4/projects/gitlab-examples%2Fmaven%2Fsimple-maven-app
I, [2026-09-24T19:17:22.404923 #1]  INFO -- response: Status 200
I, [2026-09-24T19:17:22.407427 #1]  INFO -- request: GET https://gitlab.com/api/v4/projects/gitlab-examples%2Fmaven%2Fsimple-maven-app/repository/files/.gitlab-ci.yml?ref=master
I, [2026-09-24T19:17:23.236819 #1]  INFO -- response: Status 200
I, [2026-09-24T19:17:23.239200 #1]  INFO -- request: GET https://gitlab.com/api/v4/projects/gitlab-examples%2Fmaven%2Fsimple-maven-app/variables
I, [2026-09-24T19:17:23.920067 #1]  INFO -- response: Status 403
E, [2026-09-24T19:17:23.921238 #1] ERROR -- : There was an error extracting the GitLab CI pipeline (gitlab-examples/maven/simple-maven-app)
Message: (GET 403) Forbidden: https://gitlab.com/api/v4/projects/gitlab-examples%2Fmaven%2Fsimple-maven-app/variables
/usr/local/bundle/gems/actions_importer-1.3.22671/lib/valet/services/gitlab_ci/parse_response.rb:22:in `parse!'
/usr/local/bundle/gems/actions_importer-1.3.22671/lib/valet/adapters/gitlab_ci/client.rb:125:in `fetch'
/usr/local/bundle/gems/actions_importer-1.3.22671/lib/valet/adapters/gitlab_ci/client.rb:26:in `fetch_variables'
/usr/local/bundle/gems/actions_importer-1.3.22671/lib/valet/services/gitlab_ci/extract_pipeline.rb:111:in `pipeline_attributes_from_client'
/usr/local/bundle/gems/actions_importer-1.3.22671/lib/valet/services/gitlab_ci/extract_pipeline.rb:35:in `block in call'
/usr/local/bundle/gems/actions_importer-1.3.22671/lib/valet/concerns/cli_utilities.rb:132:in `source_file_from_local_or_scm'
/usr/local/bundle/gems/actions_importer-1.3.22671/lib/valet/services/gitlab_ci/extract_pipeline.rb:34:in `call'
/usr/local/bundle/gems/actions_importer-1.3.22671/lib/valet/adapters/provider_resolver.rb:58:in `call'
/usr/local/bundle/gems/actions_importer-1.3.22671/lib/valet/commands/dry_run.rb:12:in `block in call'
/usr/local/bundle/gems/actions_importer-1.3.22671/lib/valet/logger.rb:96:in `with_progress_bar'
/usr/local/bundle/gems/actions_importer-1.3.22671/lib/valet/commands/dry_run.rb:11:in `call'
/usr/local/bundle/gems/actions_importer-1.3.22671/lib/valet/subcommands/dry_run.rb:113:in `gitlab'
/usr/local/bundle/gems/thor-1.2.2/lib/thor/command.rb:27:in `run'
/usr/local/bundle/gems/thor-1.2.2/lib/thor/invocation.rb:127:in `invoke_command'
/usr/local/bundle/gems/thor-1.2.2/lib/thor.rb:392:in `dispatch'
/usr/local/bundle/gems/thor-1.2.2/lib/thor/invocation.rb:116:in `invoke'
/usr/local/bundle/gems/thor-1.2.2/lib/thor.rb:243:in `block in subcommand'
/usr/local/bundle/gems/thor-1.2.2/lib/thor/command.rb:27:in `run'
/usr/local/bundle/gems/thor-1.2.2/lib/thor/invocation.rb:127:in `invoke_command'
/usr/local/bundle/gems/thor-1.2.2/lib/thor.rb:392:in `dispatch'
/usr/local/bundle/gems/thor-1.2.2/lib/thor/base.rb:485:in `start'
/usr/local/bundle/gems/actions_importer-1.3.22671/exe/actions-importer:19:in `<top (required)>'
/usr/local/bundle/bin/actions-importer:25:in `load'
/usr/local/bundle/bin/actions-importer:25:in `<main>'
I, [2026-09-24T19:17:23.933887 #1]  INFO -- request: GET https://api.github.com/user
I, [2026-09-24T19:17:24.534433 #1]  INFO -- response: Status 200
I, [2026-09-24T19:17:24.538314 #1]  INFO -- : Sending telemetry with transaction id 'eca478e2-424a-4ba3-bee8-9544f982b827'
